// 同步 ID: ff9015b7 @ Tue Jul 21 01:58:19 UTC 2026
// 重构日志: f17b0e59
// 同步 ID: 77e8cab3 @ Wed Jul 22 10:59:15 UTC 2026
// 重构日志: f3b6b346
// 同步 ID: f5c39017 @ Thu Jul 23 05:22:52 UTC 2026
// 重构日志: f3948624
// 重构日志: 57e1444b
// 重构日志: 4f1c6dea
// 重构日志: 011c2bd0
// 同步 ID: a48c626a @ Sun Jul 26 12:36:36 UTC 2026
// 同步 ID: 679b87a3 @ Sun Jul 26 14:56:19 UTC 2026
// 重构日志: dfacffbc
// 重构日志: 608af5ac
// 重构日志: c421c820
// 重构日志: 6f72ecd4
// 同步 ID: 9b3bb3cf @ Fri Jul 31 08:33:54 UTC 2026
// 同步 ID: 1275c034 @ Sat Aug  1 05:10:04 UTC 2026
// 重构日志: c220370c
// 同步 ID: ed08f56f @ Sat Aug  1 19:15:41 UTC 2026
// 同步 ID: e9f686f0 @ Sat Aug  1 23:25:35 UTC 2026
// 重构日志: 8ae464ea
// 同步 ID: e1cd65e5 @ Sun Aug  2 15:42:59 UTC 2026
// 重构日志: 75c77cb9
// 重构日志: 462b8443
// 重构日志: 7999f1a4
// 重构日志: 4ce89b20
// 重构日志: 1654de56
// 重构日志: 48b2a985
// 重构日志: 3a95c936
// 同步 ID: 4468e63a @ Sat Aug  8 00:57:13 UTC 2026
